// Jest Snapshot v1, https://goo.gl/fbAQLP

exports[`Boxlist matches snapshot 1`] = `
<DocumentFragment>
  <div>
    <h3>
      Box-mania!
    </h3>
    <form>
      <label
        for="color"
      >
        Color: 
      </label>
      <input
        id="color"
        name="color"
        type="color"
        value="#ffffff"
      />
      <label
        for="width"
      >
        Width: 
      </label>
      <input
        id="width"
        name="width"
        type="number"
        value="100"
      />
      <label
        for="height"
      >
        Height: 
      </label>
      <input
        id="height"
        name="height"
        type="number"
        value="100"
      />
      <button
        type="submit"
      >
        Create a new box!
      </button>
    </form>
    <div />
  </div>
</DocumentFragment>
`;
