// Jest Snapshot v1, https://goo.gl/fbAQLP

exports[`NewBoxForm matches snapshot 1`] = `
<DocumentFragment>
  <form>
    <label
      for="color"
    >
      Color: 
    </label>
    <input
      id="color"
      name="color"
      type="color"
      value="#ffffff"
    />
    <label
      for="width"
    >
      Width: 
    </label>
    <input
      id="width"
      name="width"
      type="number"
      value="100"
    />
    <label
      for="height"
    >
      Height: 
    </label>
    <input
      id="height"
      name="height"
      type="number"
      value="100"
    />
    <button
      type="submit"
    >
      Create a new box!
    </button>
  </form>
</DocumentFragment>
`;
